---
source: src/render.rs
expression: html
---
<!DOCTYPE html>
<html lang="de">
<head>
    <meta charset="utf-8">
    <meta name="viewport" content="width=device-width, initial-scale=1">
    <title>CAMO Status</title>
    <style>
        body {
            background-color: white;
            font-family: -apple-system, BlinkMacSystemFont, 'Segoe UI', Roboto, Helvetica, Arial, sans-serif, 'Apple Color Emoji', 'Segoe UI Emoji', 'Segoe UI Symbol';
            margin: 0;
            padding: 0;
        }

        .title {
            margin: 24px 32px;
            font-size: 24px;
        }

        .aircraft {
            position: relative;
            display: block;
            max-width: 450px;
            margin: 8px;
            padding: 16px;
            font-family: inherit;
            font-size: 100%;
            line-height: 1.15;
            text-align: left;
            background-color: #eee;
            color: #999;
            border: none;
            border-radius: 4px;
            box-shadow: 0 2px 4px rgba(0, 0, 0, 0.18);
        }

        .aircraft[data-status='airworthy'] {
            background: hsla(120, 100%, 35%, 1);
            color: rgba(255, 255, 255, 0.7);
        }

        .aircraft[data-status='prewarning'] {
            background: hsla(42, 100%, 50%, 1);
            color: rgba(0, 0, 0, 0.7);
        }

        .aircraft[data-status='grounded'] {
            background: hsla(0, 100%, 35%, 1);
            color: rgba(255, 255, 255, 0.7);
        }

        .icon {
            position: absolute;
            right: 16px;
            top: 16px;
            width: 52px;
            height: 52px;
        }

        .callsign {
            font-size: 40px;
            line-height: 52px;
            margin: 0 8px;
        }

        .type {
            font-size: 16px;
            line-height: 16px;
        }

        @media screen and (max-width: 400px) {
            .callsign {
                font-size: 40px;
                line-height: 40px;
            }

            .type {
                display: block;
                margin: 8px 8px 0;
            }

            .icon {
                right: 22px;
                top: 22px;
            }
        }

        .rendered-at {
            margin: 24px 32px;
            font-size: 14px;
            color: #999;
        }
    </style>
</head>
<body>
    
    <h1 class="title">CAMO Status LVA</h1>
    
    
<div class="aircraft" data-status="airworthy">
    <span class="callsign">D-3886</span>
    <span class="type">Astir</span>
    
    <svg class="icon" xmlns="http://www.w3.org/2000/svg" viewBox="0 0 24 24" fill="currentColor">
        <path d="M17.62 10H20a2 2 0 0 1 2 2v8a2 2 0 0 1-2 2H8.5c-1.2 0-2.3-.72-2.74-1.79l-3.5-7-.03-.06A3 3 0 0 1 5 9h5V4c0-1.1.9-2 2-2h1.62l4 8zM16 11.24L12.38 4H12v7H5a1 1 0 0 0-.93 1.36l3.5 7.02a1 1 0 0 0 .93.62H16v-8.76zm2 .76v8h2v-8h-2z"></path>
    </svg>
    
</div>

    
    
<div class="aircraft" data-status="grounded">
    <span class="callsign">D-1108</span>
    <span class="type">LS 4</span>
    
    <svg class="icon" xmlns="http://www.w3.org/2000/svg" viewBox="0 0 24 24" fill="currentColor">
        <path d="M6.38 14H4a2 2 0 0 1-2-2V4c0-1.1.9-2 2-2h11.5c1.2 0 2.3.72 2.74 1.79l3.5 7 .03.06A3 3 0 0 1 19 15h-5v5a2 2 0 0 1-2 2h-1.62l-4-8zM8 12.76L11.62 20H12v-7h7c.13 0 .25-.02.38-.08a1 1 0 0 0 .55-1.28l-3.5-7.02A1 1 0 0 0 15.5 4H8v8.76zM6 12V4H4v8h2z"></path>
    </svg>
    
</div>

    
    
    <h1 class="title">CAMO Status Nordstern</h1>
    
    
<div class="aircraft" data-status="prewarning">
    <span class="callsign">D-5074</span>
    <span class="type">ASK 21</span>
    
    <svg class="icon" xmlns="http://www.w3.org/2000/svg" viewBox="0 0 576 512" fill="currentColor">
        <path d="M248.747 204.705l6.588 112c.373 6.343 5.626 11.295 11.979 11.295h41.37a12 12 0 0 0 11.979-11.295l6.588-112c.405-6.893-5.075-12.705-11.979-12.705h-54.547c-6.903 0-12.383 5.812-11.978 12.705zM330 384c0 23.196-18.804 42-42 42s-42-18.804-42-42 18.804-42 42-42 42 18.804 42 42zm-.423-360.015c-18.433-31.951-64.687-32.009-83.154 0L6.477 440.013C-11.945 471.946 11.118 512 48.054 512H527.94c36.865 0 60.035-39.993 41.577-71.987L329.577 23.985zM53.191 455.002L282.803 57.008c2.309-4.002 8.085-4.002 10.394 0l229.612 397.993c2.308 4-.579 8.998-5.197 8.998H58.388c-4.617.001-7.504-4.997-5.197-8.997z"></path>
    </svg>
    
</div>

    
    
    <p class="rendered-at">Last updated: 2025-01-01 12:00</p>
</body>
</html>
